// Jest Snapshot v1, https://goo.gl/fbAQLP

exports[`writeDefaultConfigFile writes mailing.config.json if it doesn't exist 1`] = `
[MockFunction] {
  "calls": Array [
    Array [
      "added mailing.config.json in your project with the following contents:
{
  \\"typescript\\": true,
  \\"emailsDir\\": \\"./emails\\",
  \\"outDir\\": \\"./previews_html\\",
  \\"anonymousId\\": \\"TEST_VALUE\\"
}
",
    ],
    Array [
      "mailing now collects anonymous telemetry data about usage",
    ],
    Array [
      "to disable this, set anonymousId to null in your mailing.config.json
",
    ],
  ],
  "results": Array [
    Object {
      "type": "return",
      "value": undefined,
    },
    Object {
      "type": "return",
      "value": undefined,
    },
    Object {
      "type": "return",
      "value": undefined,
    },
  ],
}
`;
