// Jest Snapshot v1, https://goo.gl/fbAQLP

exports[`exportPreviews command e2e runs on templates 1`] = `
"[37mmailing[39m Exporting preview html to
[37mmailing[39m ./previews_html
[37mmailing[39m   |-- text_email_reset_password.html
[37mmailing[39m   |-- text_email_account_deleted.html
[37mmailing[39m   |-- text_email_new_sign_in.html
[37mmailing[39m   |-- welcome_to_amelita.html
[37mmailing[39m âœ… Processed 4 previews
"
`;
